[INFO] Scanning for projects...
[INFO] 
[INFO] ------------------------< com.task:management >-------------------------
[INFO] Building TaskManagement 0.0.1-SNAPSHOT
[INFO]   from pom.xml
[INFO] --------------------------------[ jar ]---------------------------------
[INFO] 
[INFO] --- clean:3.5.0:clean (default-clean) @ management ---
[INFO] Deleting D:\Practice_basics\Projects\Task-Management-System\target
[INFO] 
[INFO] --- resources:3.3.1:resources (default-resources) @ management ---
[INFO] Copying 3 resources from src\main\resources to target\classes
[INFO] Copying 0 resource from src\main\resources to target\classes
[INFO] 
[INFO] --- compiler:3.14.1:compile (default-compile) @ management ---
[INFO] Recompiling the module because of changed source code.
[INFO] Compiling 45 source files with javac [debug parameters release 17] to target\classes
[INFO] /D:/Practice_basics/Projects/Task-Management-System/src/main/java/com/aiJobResume/Selection/security/JwtAuthenticationFilter.java: D:\Practice_basics\Projects\Task-Management-System\src\main\java\com\aiJobResume\Selection\security\JwtAuthenticationFilter.java uses or overrides a deprecated API.
[INFO] /D:/Practice_basics/Projects/Task-Management-System/src/main/java/com/aiJobResume/Selection/security/JwtAuthenticationFilter.java: Recompile with -Xlint:deprecation for details.
[INFO] -------------------------------------------------------------
[ERROR] COMPILATION ERROR : 
[INFO] -------------------------------------------------------------
[ERROR] /D:/Practice_basics/Projects/Task-Management-System/src/main/java/com/aiJobResume/Selection/config/ApplicationConfig.java:[22,50] constructor DaoAuthenticationProvider in class org.springframework.security.authentication.dao.DaoAuthenticationProvider cannot be applied to given types;
  required: org.springframework.security.core.userdetails.UserDetailsService
  found:    no arguments
  reason: actual and formal argument lists differ in length
[ERROR] /D:/Practice_basics/Projects/Task-Management-System/src/main/java/com/aiJobResume/Selection/config/ApplicationConfig.java:[23,21] cannot find symbol
  symbol:   method setUserDetailsService(org.springframework.security.core.userdetails.UserDetailsService)
  location: variable authProvider of type org.springframework.security.authentication.dao.DaoAuthenticationProvider
[INFO] 2 errors 
[INFO] -------------------------------------------------------------
[INFO] ------------------------------------------------------------------------
[INFO] BUILD FAILURE
[INFO] ------------------------------------------------------------------------
[INFO] Total time:  7.510 s
[INFO] Finished at: 2026-03-26T14:48:55+05:30
[INFO] ------------------------------------------------------------------------
[ERROR] Failed to execute goal org.apache.maven.plugins:maven-compiler-plugin:3.14.1:compile (default-compile) on project management: Compilation failure: Compilation failure: 
[ERROR] /D:/Practice_basics/Projects/Task-Management-System/src/main/java/com/aiJobResume/Selection/config/ApplicationConfig.java:[22,50] constructor DaoAuthenticationProvider in class org.springframework.security.authentication.dao.DaoAuthenticationProvider cannot be applied to given types;
[ERROR]   required: org.springframework.security.core.userdetails.UserDetailsService
[ERROR]   found:    no arguments
[ERROR]   reason: actual and formal argument lists differ in length
[ERROR] /D:/Practice_basics/Projects/Task-Management-System/src/main/java/com/aiJobResume/Selection/config/ApplicationConfig.java:[23,21] cannot find symbol
[ERROR]   symbol:   method setUserDetailsService(org.springframework.security.core.userdetails.UserDetailsService)
[ERROR]   location: variable authProvider of type org.springframework.security.authentication.dao.DaoAuthenticationProvider
[ERROR] -> [Help 1]
[ERROR] 
[ERROR] To see the full stack trace of the errors, re-run Maven with the -e switch.
[ERROR] Re-run Maven using the -X switch to enable full debug logging.
[ERROR] 
[ERROR] For more information about the errors and possible solutions, please read the following articles:
[ERROR] [Help 1] http://cwiki.apache.org/confluence/display/MAVEN/MojoFailureException
